[0m18:17:24.194750 [debug] [MainThread]: Sending event: {'category': 'dbt', 'action': 'invocation', 'label': 'start', 'context': [<snowplow_tracker.self_describing_json.SelfDescribingJson object at 0x10897b100>, <snowplow_tracker.self_describing_json.SelfDescribingJson object at 0x1099f52e0>, <snowplow_tracker.self_describing_json.SelfDescribingJson object at 0x1099f5790>]}


============================== 18:17:24.197052 | 94de1209-9340-45f0-93db-53f4bff8ad97 ==============================
[0m18:17:24.197052 [info ] [MainThread]: Running with dbt=1.10.11
[0m18:17:24.197391 [debug] [MainThread]: running dbt with arguments {'version_check': 'True', 'quiet': 'False', 'static_parser': 'True', 'fail_fast': 'False', 'write_json': 'True', 'target_path': 'None', 'warn_error': 'None', 'indirect_selection': 'eager', 'partial_parse': 'True', 'send_anonymous_usage_stats': 'True', 'debug': 'False', 'no_print': 'None', 'use_colors': 'True', 'use_experimental_parser': 'False', 'warn_error_options': 'WarnErrorOptionsV2(error=[], warn=[], silence=[])', 'printer_width': '80', 'log_format': 'default', 'introspect': 'True', 'log_path': 'logs', 'cache_selected_only': 'False', 'log_cache_events': 'False', 'empty': 'None', 'invocation_command': 'dbt init retailiq_dbt', 'profiles_dir': '/Users/karansalunkhe/.dbt'}
[0m18:17:24.206378 [debug] [MainThread]: Starter project path: /Users/karansalunkhe/retailiq-realtime-platform/venv/lib/python3.9/site-packages/dbt/include/starter_project
[0m18:17:24.211186 [info ] [MainThread]: 
Your new dbt project "retailiq_dbt" was created!

For more information on how to configure the profiles.yml file,
please consult the dbt documentation here:

  https://docs.getdbt.com/docs/configure-your-profile

One more thing:

Need help? Don't hesitate to reach out to us via GitHub issues or on Slack:

  https://community.getdbt.com/

Happy modeling!

[0m18:17:24.211381 [info ] [MainThread]: Setting up your profile.
[0m18:21:50.793845 [info ] [MainThread]: Profile retailiq_dbt written to /Users/karansalunkhe/.dbt/profiles.yml using target's profile_template.yml and your supplied values. Run 'dbt debug' to validate the connection.
[0m18:21:50.861991 [debug] [MainThread]: Resource report: {"command_name": "init", "command_success": true, "command_wall_clock_time": 266.71188, "process_in_blocks": "0", "process_kernel_time": 0.262031, "process_mem_max_rss": "159825920", "process_out_blocks": "0", "process_user_time": 0.913065}
[0m18:21:50.862690 [debug] [MainThread]: Command `dbt init` succeeded at 18:21:50.862558 after 266.71 seconds
[0m18:21:50.863396 [debug] [MainThread]: Sending event: {'category': 'dbt', 'action': 'invocation', 'label': 'end', 'context': [<snowplow_tracker.self_describing_json.SelfDescribingJson object at 0x10897b100>, <snowplow_tracker.self_describing_json.SelfDescribingJson object at 0x1099deaf0>, <snowplow_tracker.self_describing_json.SelfDescribingJson object at 0x109844c40>]}
[0m18:21:50.864060 [debug] [MainThread]: Flushing usage events
[0m18:21:51.300618 [debug] [MainThread]: An error was encountered while trying to flush usage events
[0m18:23:03.909949 [debug] [MainThread]: Sending event: {'category': 'dbt', 'action': 'invocation', 'label': 'start', 'context': [<snowplow_tracker.self_describing_json.SelfDescribingJson object at 0x10c4fb160>, <snowplow_tracker.self_describing_json.SelfDescribingJson object at 0x10d5763a0>, <snowplow_tracker.self_describing_json.SelfDescribingJson object at 0x10d576730>]}


============================== 18:23:03.912252 | 606855c5-d684-45af-8286-c473bd6ef6fb ==============================
[0m18:23:03.912252 [info ] [MainThread]: Running with dbt=1.10.11
[0m18:23:03.912549 [debug] [MainThread]: running dbt with arguments {'invocation_command': 'dbt debug', 'no_print': 'None', 'warn_error': 'None', 'quiet': 'False', 'log_format': 'default', 'target_path': 'None', 'static_parser': 'True', 'profiles_dir': '/Users/karansalunkhe/.dbt', 'partial_parse': 'True', 'version_check': 'True', 'use_experimental_parser': 'False', 'empty': 'None', 'fail_fast': 'False', 'debug': 'False', 'introspect': 'True', 'printer_width': '80', 'write_json': 'True', 'send_anonymous_usage_stats': 'True', 'indirect_selection': 'eager', 'use_colors': 'True', 'warn_error_options': 'WarnErrorOptionsV2(error=[], warn=[], silence=[])', 'log_path': 'logs', 'cache_selected_only': 'False', 'log_cache_events': 'False'}
[0m18:23:03.921181 [info ] [MainThread]: dbt version: 1.10.11
[0m18:23:03.921382 [info ] [MainThread]: python version: 3.9.6
[0m18:23:03.921546 [info ] [MainThread]: python path: /Users/karansalunkhe/retailiq-realtime-platform/venv/bin/python
[0m18:23:03.921699 [info ] [MainThread]: os info: macOS-26.5-arm64-arm-64bit
[0m18:23:04.497840 [info ] [MainThread]: Using profiles dir at /Users/karansalunkhe/.dbt
[0m18:23:04.498134 [info ] [MainThread]: Using profiles.yml file at /Users/karansalunkhe/.dbt/profiles.yml
[0m18:23:04.498303 [info ] [MainThread]: Using dbt_project.yml file at /Users/karansalunkhe/retailiq-realtime-platform/analytics/dbt_project.yml
[0m18:23:04.498831 [info ] [MainThread]: adapter type: snowflake
[0m18:23:04.498994 [info ] [MainThread]: adapter version: 1.10.2
[0m18:23:04.499149 [info ] [MainThread]: Configuration:
[0m18:23:04.499297 [info ] [MainThread]:   profiles.yml file [[32mOK found and valid[0m]
[0m18:23:04.499442 [info ] [MainThread]:   dbt_project.yml file [[31mERROR not found[0m]
[0m18:23:04.499584 [info ] [MainThread]: Required dependencies:
[0m18:23:04.499778 [debug] [MainThread]: Executing "git --help"
[0m18:23:04.517821 [debug] [MainThread]: STDOUT: "b"usage: git [-v | --version] [-h | --help] [-C <path>] [-c <name>=<value>]\n           [--exec-path[=<path>]] [--html-path] [--man-path] [--info-path]\n           [-p | --paginate | -P | --no-pager] [--no-replace-objects] [--no-lazy-fetch]\n           [--no-optional-locks] [--no-advice] [--bare] [--git-dir=<path>]\n           [--work-tree=<path>] [--namespace=<name>] [--config-env=<name>=<envvar>]\n           <command> [<args>]\n\nThese are common Git commands used in various situations:\n\nstart a working area (see also: git help tutorial)\n   clone      Clone a repository into a new directory\n   init       Create an empty Git repository or reinitialize an existing one\n\nwork on the current change (see also: git help everyday)\n   add        Add file contents to the index\n   mv         Move or rename a file, a directory, or a symlink\n   restore    Restore working tree files\n   rm         Remove files from the working tree and from the index\n\nexamine the history and state (see also: git help revisions)\n   bisect     Use binary search to find the commit that introduced a bug\n   diff       Show changes between commits, commit and working tree, etc\n   grep       Print lines matching a pattern\n   log        Show commit logs\n   show       Show various types of objects\n   status     Show the working tree status\n\ngrow, mark and tweak your common history\n   backfill   Download missing objects in a partial clone\n   branch     List, create, or delete branches\n   commit     Record changes to the repository\n   merge      Join two or more development histories together\n   rebase     Reapply commits on top of another base tip\n   reset      Reset current HEAD to the specified state\n   switch     Switch branches\n   tag        Create, list, delete or verify a tag object signed with GPG\n\ncollaborate (see also: git help workflows)\n   fetch      Download objects and refs from another repository\n   pull       Fetch from and integrate with another repository or a local branch\n   push       Update remote refs along with associated objects\n\n'git help -a' and 'git help -g' list available subcommands and some\nconcept guides. See 'git help <command>' or 'git help <concept>'\nto read about a specific subcommand or concept.\nSee 'git help git' for an overview of the system.\n""
[0m18:23:04.518362 [debug] [MainThread]: STDERR: "b''"
[0m18:23:04.518564 [info ] [MainThread]:  - git [[32mOK found[0m]

[0m18:23:04.518748 [info ] [MainThread]: Connection:
[0m18:23:04.518935 [info ] [MainThread]:   account: 	UKAKVKO-VSC31435
[0m18:23:04.519087 [info ] [MainThread]:   user: ASHISHGHAYTADAK
[0m18:23:04.519230 [info ] [MainThread]:   database: RETAILIQ
[0m18:23:04.519369 [info ] [MainThread]:   warehouse: COMPUTE_WH
[0m18:23:04.519508 [info ] [MainThread]:   role: ACCOUNTADMIN
[0m18:23:04.519645 [info ] [MainThread]:   schema: ANALYTICS
[0m18:23:04.519784 [info ] [MainThread]:   authenticator: None
[0m18:23:04.519919 [info ] [MainThread]:   oauth_client_id: None
[0m18:23:04.520057 [info ] [MainThread]:   query_tag: None
[0m18:23:04.520210 [info ] [MainThread]:   client_session_keep_alive: False
[0m18:23:04.520405 [info ] [MainThread]:   host: None
[0m18:23:04.520584 [info ] [MainThread]:   port: None
[0m18:23:04.520818 [info ] [MainThread]:   proxy_host: None
[0m18:23:04.520959 [info ] [MainThread]:   proxy_port: None
[0m18:23:04.521096 [info ] [MainThread]:   protocol: None
[0m18:23:04.521233 [info ] [MainThread]:   connect_retries: 1
[0m18:23:04.521370 [info ] [MainThread]:   connect_timeout: None
[0m18:23:04.521509 [info ] [MainThread]:   retry_on_database_errors: False
[0m18:23:04.521707 [info ] [MainThread]:   retry_all: False
[0m18:23:04.522110 [info ] [MainThread]:   insecure_mode: False
[0m18:23:04.522306 [info ] [MainThread]:   reuse_connections: True
[0m18:23:04.522463 [info ] [MainThread]:   s3_stage_vpce_dns_name: None
[0m18:23:04.523483 [info ] [MainThread]: Registered adapter: snowflake=1.10.2
[0m18:23:04.602948 [debug] [MainThread]: Acquiring new snowflake connection 'debug'
[0m18:23:04.640825 [debug] [MainThread]: Using snowflake connection "debug"
[0m18:23:04.641050 [debug] [MainThread]: On debug: select 1 as id
[0m18:23:04.641197 [debug] [MainThread]: Opening a new connection, currently in state init
[0m18:23:08.212236 [debug] [MainThread]: Snowflake adapter: Error running SQL: select 1 as id
[0m18:23:08.212770 [debug] [MainThread]: Snowflake adapter: Rolling back transaction.
[0m18:23:08.214591 [info ] [MainThread]:   Connection test: [[31mERROR[0m]

[0m18:23:08.215061 [info ] [MainThread]: [31m2 checks failed:[0m
[0m18:23:08.215375 [info ] [MainThread]: Project loading failed for the following reason:
 project path </Users/karansalunkhe/retailiq-realtime-platform/analytics/dbt_project.yml> not found

[0m18:23:08.215680 [info ] [MainThread]: dbt was unable to connect to the specified database.
The database returned the following error:

  >Database Error
  290404 (08001): 404 Not Found: post UKAKVKO-VSC31435.snowflakecomputing.com:443/session/v1/login-request

Check your database credentials and try again. For more information, visit:
https://docs.getdbt.com/docs/configure-your-profile


[0m18:23:08.221264 [debug] [MainThread]: Resource report: {"command_name": "debug", "command_success": false, "command_wall_clock_time": 4.358629, "process_in_blocks": "0", "process_kernel_time": 0.356309, "process_mem_max_rss": "196739072", "process_out_blocks": "0", "process_user_time": 1.301685}
[0m18:23:08.221685 [debug] [MainThread]: Command `dbt debug` failed at 18:23:08.221595 after 4.36 seconds
[0m18:23:08.222001 [debug] [MainThread]: Connection 'debug' was left open.
[0m18:23:08.222260 [debug] [MainThread]: On debug: No close available on handle
[0m18:23:08.222566 [debug] [MainThread]: Sending event: {'category': 'dbt', 'action': 'invocation', 'label': 'end', 'context': [<snowplow_tracker.self_describing_json.SelfDescribingJson object at 0x10c4fb160>, <snowplow_tracker.self_describing_json.SelfDescribingJson object at 0x111710d30>, <snowplow_tracker.self_describing_json.SelfDescribingJson object at 0x1117109d0>]}
[0m18:23:08.222920 [debug] [MainThread]: Flushing usage events
[0m18:23:08.639337 [debug] [MainThread]: An error was encountered while trying to flush usage events
